// Jest Snapshot v1, https://goo.gl/fbAQLP

exports[`PhaseElasticsearchResult component should render correctly 1`] = `
<div>
  <section
    class="container_full background-color-blue m-96_bottom media-m-48_bottom p-48_top media-p-41_top p-28_bottom media-p-38_bottom"
  >
    <div
      class="container_regular"
    >
      <h3
        class="case_title_h2 case_title case_text-align-center m-32_bottom"
      >
        
      Result
    
      </h3>
       
      <div
        class="case_cards-container m-60_bottom media-m-32_bottom"
      >
        <cardresult-stub
          alt="Search Time Went Down to Under 5 Seconds – Now: 250–300 Ms."
          animationsettings="[object Object]"
          class="case_result-card"
          description="Search time went down to under 5 seconds (now: ~250-300 ms)"
          icon="speed-card"
          title="~250-300 ms"
        />
        <cardresult-stub
          alt="We Received Massive Positive Feedback As Veeqo Users Were Contacting the Customer."
          animationsettings="[object Object]"
          class="case_result-card"
          description="We received massive positive feedback as Veeqo users were contacting customer"
          icon="message-card"
          style="position: relative; top: 20px;"
          title="Feedback"
        />
        <cardresult-stub
          alt="Elasticsearch Became More Efficient and Reliable Without Costing the Customer More."
          animationsettings="[object Object]"
          class="case_result-card"
          description="Elasticsearch became more efficient and reliable without costing the customer more"
          icon="gears-card"
          style="position: relative; top: 40px;"
          title="Elasticsearch"
        />
      </div>
       
      <p
        class="case_paragraph case_description case_text-align-center"
      >
        
      Now, Elasticsearch is back to three nodes; in fact, two are enough for normal operation, and the third is there to ensure fail-safety.
    
      </p>
    </div>
  </section>
</div>
`;
