// Jest Snapshot v1, https://goo.gl/fbAQLP

exports[`CardsWithIcon component should correctly render component 1`] = `
Object {
  "baseElement": <body>
    <div>
      <section
        class="section cards-with-icons"
      >
        <div
          class="cards-with-icons__wrapper container"
          data-aos="fade-up"
          style="max-width: 1240px;"
        >
          <div
            class="cards-with-icons__item"
          >
            <img
              alt="Test image"
              class="cards-with-icons__item-icon"
              data-src="img.jpg"
              height="54"
              width="54"
            />
             
            <prismicrichtext-stub
              class="cards-with-icons__item-title"
              data-testid="cards-with-icons__item-title"
              field="[object Object]"
              html-serializer="function () { [native code] }"
            />
             
            <p
              class="cards-with-icons__item-description"
            >
              
        Test description
      
            </p>
          </div>
        </div>
      </section>
    </div>
  </body>,
  "container": <div>
    <section
      class="section cards-with-icons"
    >
      <div
        class="cards-with-icons__wrapper container"
        data-aos="fade-up"
        style="max-width: 1240px;"
      >
        <div
          class="cards-with-icons__item"
        >
          <img
            alt="Test image"
            class="cards-with-icons__item-icon"
            data-src="img.jpg"
            height="54"
            width="54"
          />
           
          <prismicrichtext-stub
            class="cards-with-icons__item-title"
            data-testid="cards-with-icons__item-title"
            field="[object Object]"
            html-serializer="function () { [native code] }"
          />
           
          <p
            class="cards-with-icons__item-description"
          >
            
        Test description
      
          </p>
        </div>
      </div>
    </section>
  </div>,
  "debug": [Function],
  "emitted": [Function],
  "findAllByAltText": [Function],
  "findAllByDisplayValue": [Function],
  "findAllByLabelText": [Function],
  "findAllByPlaceholderText": [Function],
  "findAllByRole": [Function],
  "findAllByTestId": [Function],
  "findAllByText": [Function],
  "findAllByTitle": [Function],
  "findByAltText": [Function],
  "findByDisplayValue": [Function],
  "findByLabelText": [Function],
  "findByPlaceholderText": [Function],
  "findByRole": [Function],
  "findByTestId": [Function],
  "findByText": [Function],
  "findByTitle": [Function],
  "getAllByAltText": [Function],
  "getAllByDisplayValue": [Function],
  "getAllByLabelText": [Function],
  "getAllByPlaceholderText": [Function],
  "getAllByRole": [Function],
  "getAllByTestId": [Function],
  "getAllByText": [Function],
  "getAllByTitle": [Function],
  "getByAltText": [Function],
  "getByDisplayValue": [Function],
  "getByLabelText": [Function],
  "getByPlaceholderText": [Function],
  "getByRole": [Function],
  "getByTestId": [Function],
  "getByText": [Function],
  "getByTitle": [Function],
  "html": [Function],
  "isUnmounted": [Function],
  "queryAllByAltText": [Function],
  "queryAllByDisplayValue": [Function],
  "queryAllByLabelText": [Function],
  "queryAllByPlaceholderText": [Function],
  "queryAllByRole": [Function],
  "queryAllByTestId": [Function],
  "queryAllByText": [Function],
  "queryAllByTitle": [Function],
  "queryByAltText": [Function],
  "queryByDisplayValue": [Function],
  "queryByLabelText": [Function],
  "queryByPlaceholderText": [Function],
  "queryByRole": [Function],
  "queryByTestId": [Function],
  "queryByText": [Function],
  "queryByTitle": [Function],
  "unmount": [Function],
  "updateProps": [Function],
}
`;
