// Jest Snapshot v1, https://goo.gl/fbAQLP

exports[`TeamCards slice should render correctly 1`] = `
<div>
  <section
    class="meet-our-experts"
    id="meet-our-experts"
  >
    <div
      class="container"
    >
      <div
        class="meet-our-experts__experts-list aos-init aos-animate"
        data-aos="fade-up"
      >
        <div
          class="meet-our-experts__expert-item"
        >
          <img
            alt="Alt text"
            class="meet-our-experts__expert-item-img"
            data-src="https://google.com/"
            data-testid="item-img"
            height="401"
            width="295"
          />
           
          <div
            class="meet-our-experts__expert-bottom_content"
          >
            <div
              class="meet-our-experts__expert-info"
            >
              <div
                class="meet-our-experts__expert-name"
              >
                
              Uncle Bob
            
              </div>
               
              <div
                class="meet-our-experts__expert-position"
              >
                
              Senior
            
              </div>
            </div>
          </div>
           
          <img
            alt="Linkedin"
            class="meet-our-experts__expert-linkedin-link"
            data-src="[object Object]"
            height="24"
            width="24"
          />
           
          <a
            href="https://linkedin.com/bob/"
            rel="nofollow"
            target="_blank"
          >
            Uncle Bob
          </a>
        </div>
        <div
          class="meet-our-experts__expert-item"
        >
          <img
            alt="Text Alt"
            class="meet-our-experts__expert-item-img"
            data-src="https://yandex.ru/"
            data-testid="item-img"
            height="401"
            width="295"
          />
           
          <div
            class="meet-our-experts__expert-bottom_content"
          >
            <div
              class="meet-our-experts__expert-info"
            >
              <div
                class="meet-our-experts__expert-name"
              >
                
              Alice
            
              </div>
               
              <div
                class="meet-our-experts__expert-position"
              >
                
              Team Lead
            
              </div>
            </div>
          </div>
           
          <img
            alt="Linkedin"
            class="meet-our-experts__expert-linkedin-link"
            data-src="[object Object]"
            height="24"
            width="24"
          />
           
          <a
            href="https://linkedin.com/alice/"
            rel="nofollow"
            target="_blank"
          >
            Alice
          </a>
        </div>
      </div>
    </div>
  </section>
</div>
`;
