// Jest Snapshot v1, https://goo.gl/fbAQLP

exports[`Read component should render correctly with no data 1`] = `
<section class="ebook-read">
  <div class="container">
    <h2 id="read-online-anchor" class="ebook-read__title">
      Read articles online
    </h2>
    <div class="ebook-read__cards"></div>
    <div class="ebook-read__form"><img width="110" height="155" data-src="@/assets/img/Ebook/book.svg" alt="Pricing strategies" class="ebook-read__form-img">
      <h2 class="ebook-read__form-title">
        Get your copy of “Custom Software Development: Pricing Strategies”
      </h2>
      <readform-stub ebookpath="" bookname=""></readform-stub>
    </div>
  </div>
  <div id="read-success-modal" modal-background="black"></div>
</section>
`;
