// Jest Snapshot v1, https://goo.gl/fbAQLP

exports[`AuthorPostsSection component should render correctly 1`] = `
<div>
  <div
    class="author-posts"
  >
    <div
      class="container"
    >
      <div
        class="author-posts__featured-post"
      >
        <featuredpost-stub
          author="[object Object]"
          disable-author-link="true"
          post="[object Object]"
          theme="light"
          titletag="h2"
        />
      </div>
       
      <div
        class="author-posts__list"
      >
        <section
          class="author-posts__list-item"
          post="[object Object]"
        >
          <postcard-stub
            author="[object Object]"
            disableauthorlink="true"
            post="[object Object]"
            theme="light"
          />
        </section>
        <section
          class="author-posts__list-item"
          post="[object Object]"
        >
          <postcard-stub
            author="[object Object]"
            disableauthorlink="true"
            post="[object Object]"
            theme="light"
          />
        </section>
        <section
          class="author-posts__list-item"
          post="[object Object]"
        >
          <postcard-stub
            author="[object Object]"
            disableauthorlink="true"
            post="[object Object]"
            theme="light"
          />
        </section>
        <section
          class="author-posts__list-item"
          post="[object Object]"
        >
          <postcard-stub
            author="[object Object]"
            disableauthorlink="true"
            post="[object Object]"
            theme="light"
          />
        </section>
        <section
          class="author-posts__list-item"
          post="[object Object]"
        >
          <postcard-stub
            author="[object Object]"
            disableauthorlink="true"
            post="[object Object]"
            theme="light"
          />
        </section>
        <section
          class="author-posts__list-item"
          post="[object Object]"
        >
          <postcard-stub
            author="[object Object]"
            disableauthorlink="true"
            post="[object Object]"
            theme="light"
          />
        </section>
        <section
          class="author-posts__list-item"
          post="[object Object]"
        >
          <postcard-stub
            author="[object Object]"
            disableauthorlink="true"
            post="[object Object]"
            theme="light"
          />
        </section>
        <section
          class="author-posts__list-item"
          post="[object Object]"
        >
          <postcard-stub
            author="[object Object]"
            disableauthorlink="true"
            post="[object Object]"
            theme="light"
          />
        </section>
        <section
          class="author-posts__list-item"
          post="[object Object]"
        >
          <postcard-stub
            author="[object Object]"
            disableauthorlink="true"
            post="[object Object]"
            theme="light"
          />
        </section>
        <section
          class="author-posts__list-item"
          post="[object Object]"
        >
          <postcard-stub
            author="[object Object]"
            disableauthorlink="true"
            post="[object Object]"
            theme="light"
          />
        </section>
        <section
          class="author-posts__list-item"
          post="[object Object]"
        >
          <postcard-stub
            author="[object Object]"
            disableauthorlink="true"
            post="[object Object]"
            theme="light"
          />
        </section>
        <section
          class="author-posts__list-item"
          post="[object Object]"
        >
          <postcard-stub
            author="[object Object]"
            disableauthorlink="true"
            post="[object Object]"
            theme="light"
          />
        </section>
        <section
          class="author-posts__list-item"
          post="[object Object]"
        >
          <postcard-stub
            author="[object Object]"
            disableauthorlink="true"
            post="[object Object]"
            theme="light"
          />
        </section>
      </div>
       
      <div
        class="author-posts__load-more"
      >
        <button
          class="load-more-button"
          data-testid="test-load-more-button"
        >
          
  See more

        </button>
      </div>
    </div>
  </div>
</div>
`;
