// Jest Snapshot v1, https://goo.gl/fbAQLP

exports[`TagPostsSection component should render correctly 1`] = `
<div>
  <div
    class="tag-posts"
  >
    <div
      class="container"
    >
      <div
        class="tag-posts__featured-post"
      >
        <div
          class="featured-post light"
        >
          <div
            class="featured-post__wrapper"
          >
            <div
              class="featured-post__main"
            >
              <h2
                class="featured-post__title background-grey animated light"
              />
               
              <p
                class="featured-post__paragraph background-grey animated light"
              />
               
              <div
                class="featured-post__data d-flex justify-content-between"
              >
                <div
                  class="featured-post__meta"
                >
                  <span
                    class="created-at"
                  />
                </div>
              </div>
            </div>
             
            <div
              class="featured-post__image-wrapper"
            >
              <div
                class="featured-post__image background-grey animated light"
              />
            </div>
          </div>
        </div>
      </div>
       
      <div
        class="tag-posts__list"
      >
        <section
          class="tag-posts__list-item"
          post="[object Object]"
        >
          <postcard-stub
            disabletaglink="true"
            post="[object Object]"
            tag="Blog tag"
            theme="light"
          />
        </section>
        <section
          class="tag-posts__list-item"
          post="[object Object]"
        >
          <postcard-stub
            disabletaglink="true"
            post="[object Object]"
            tag="Blog tag"
            theme="light"
          />
        </section>
        <section
          class="tag-posts__list-item"
          post="[object Object]"
        >
          <postcard-stub
            disabletaglink="true"
            post="[object Object]"
            tag="Blog tag"
            theme="light"
          />
        </section>
      </div>
       
      <!---->
    </div>
  </div>
</div>
`;
