// Jest Snapshot v1, https://goo.gl/fbAQLP

exports[`ProgressSlice slice should render correctly with data 1`] = `
<div>
  <section
    class="progress-slice progress-slice--white-theme"
    style="background-color: rgb(17, 18, 19);"
  >
    <div
      class="container aos-init aos-animate"
      data-aos="fade-up"
      data-testid="progress-slice__container"
    >
      <h2
        class="progress-slice__title"
      >
        Title
      </h2>
       
      <div
        class="progress-slice__list"
        style="grid-template-columns: repeat(2, 1fr);"
      >
        <div
          class="progress"
          data-testid="progress"
        >
          <div
            class="progress__icons"
          >
            <img
              alt="Placeholder image"
              class="progress__main-icon"
              data-src="https://images.unsplash.com/photo-1504198070170-4ca53bb1c1fa?w=900&h=500&fit=crop"
              height="63"
              width="48"
            />
             
            <img
              alt="Arrow"
              class="progress__arrow-icon"
              data-src="[object Object]"
              height="65"
              width="165"
            />
          </div>
           
          <div
            class="progress__text"
          >
            <h3
              class="progress__title"
            >
              
            transition web-enabled platforms
          
            </h3>
             
            <p
              class="progress__description"
            >
              
            deploy magnetic mindshare
          
            </p>
          </div>
        </div>
        <div
          class="progress"
          data-testid="progress"
        >
          <div
            class="progress__icons"
          >
            <img
              alt="Placeholder image"
              class="progress__main-icon"
              data-src="https://images.unsplash.com/photo-1593642633279-1796119d5482?w=900&h=500&fit=crop"
              height="63"
              width="48"
            />
             
            <img
              alt="Arrow"
              class="progress__arrow-icon"
              data-src="[object Object]"
              height="65"
              width="165"
            />
          </div>
           
          <div
            class="progress__text"
          >
            <h3
              class="progress__title"
            >
              
            transition world-class initiatives
          
            </h3>
             
            <p
              class="progress__description"
            >
              
            recontextualize enterprise deliverables
          
            </p>
          </div>
        </div>
      </div>
    </div>
  </section>
</div>
`;
