// Jest Snapshot v1, https://goo.gl/fbAQLP

exports[`Customers component should render correctly 1`] = `
<div>
  <section
    class="customers"
    id="customers"
  >
    <div
      class="container"
    >
      <div
        class="customers__text-content"
      >
        <h2
          class="customers__main-title"
        >
          
        Our valued customers
      
        </h2>
         
        <p
          class="customers__description"
        >
          
        Due to our NDAs and confidentiality requirements, we cannot disclose details for all of our customers. These
        are a few of the companies we work with.
      
        </p>
      </div>
       
      <uicustomerslist-stub
        customers="godee,guardrails,teacherly,triggermesh,clutch,eatigo,veeqo,admitad,iotsploit,sjmc,progressay,kickoico,nambafood,showmebishkek,mythril,seso,tengri,peklo,bandpay,nambataxi,alfa-bank,edumall,topica,terbine,silk-road,vms,ase,iothub,bile-bile"
        iconbackground="transparent"
      />
    </div>
  </section>
</div>
`;
