// Jest Snapshot v1, https://goo.gl/fbAQLP

exports[`FooterNavbarColumn should correct render footer social networks 1`] = `
<div>
  <ul
    class="footer__social-network"
  >
    <li
      class="footer__social-network-link-wrapper"
    >
      <a
        class="footer__social-network-link"
        href="https://github.com/maddevsio"
        target="_blank"
      >
        <img
          alt="Github"
          data-src="[object Object]"
          height="42"
          width="42"
        />
      </a>
    </li>
    <li
      class="footer__social-network-link-wrapper"
    >
      <a
        class="footer__social-network-link"
        href="https://www.facebook.com/maddevsllc"
        target="_blank"
      >
        <img
          alt="Facebook"
          data-src="[object Object]"
          height="42"
          width="42"
        />
      </a>
    </li>
    <li
      class="footer__social-network-link-wrapper"
    >
      <a
        class="footer__social-network-link"
        href="https://twitter.com/MadDevsIO"
        target="_blank"
      >
        <img
          alt="Twitter"
          data-src="[object Object]"
          height="42"
          width="42"
        />
      </a>
    </li>
    <li
      class="footer__social-network-link-wrapper"
    >
      <a
        class="footer__social-network-link"
        href="https://www.linkedin.com/company/mad-devs"
        target="_blank"
      >
        <img
          alt="Linkedin"
          data-src="[object Object]"
          height="42"
          width="42"
        />
      </a>
    </li>
    <li
      class="footer__social-network-link-wrapper"
    >
      <a
        class="footer__social-network-link"
        href="https://www.instagram.com/maddevsio"
        target="_blank"
      >
        <img
          alt="Instagram"
          data-src="[object Object]"
          height="42"
          width="42"
        />
      </a>
    </li>
    <li
      class="footer__social-network-link-wrapper"
    >
      <a
        class="footer__social-network-link"
        href="https://medium.com/maddevs-io"
        target="_blank"
      >
        <img
          alt="Medium"
          data-src="[object Object]"
          height="42"
          width="42"
        />
      </a>
    </li>
    <li
      class="footer__social-network-link-wrapper"
    >
      <a
        class="footer__social-network-link"
        href="https://www.behance.net/maddevs"
        target="_blank"
      >
        <img
          alt="Behance"
          data-src="[object Object]"
          height="42"
          width="42"
        />
      </a>
    </li>
    <li
      class="footer__social-network-link-wrapper"
    >
      <a
        class="footer__social-network-link"
        href="https://dev.to/maddevs"
        target="_blank"
      >
        <img
          alt="DEV"
          data-src="[object Object]"
          height="42"
          width="42"
        />
      </a>
    </li>
  </ul>
</div>
`;
